// Vitest Snapshot v1, https://vitest.dev/guide/snapshot.html

exports[`PodcastCard > renders correctly and matches snapshot 1`] = `
<div>
  <a
    class="block bg-gray-50 border-2 border-gray-200 shadow-xl px-2 py-4"
    data-testid="podcast-card"
    href="/podcast/123"
  >
    <img
      alt="Sample Podcast"
      class="w-2/5 mx-auto rounded-full"
      src="https://via.placeholder.com/150"
    />
    <header
      class="px-6 py-4"
    >
      <h4
        class="font-bold text-xl mb-2 text-center whitespace-nowrap text-ellipsis overflow-hidden"
      >
        Sample Podcast
      </h4>
      <h6
        class="text-gray-700 text-base text-center whitespace-nowrap text-ellipsis overflow-hidden"
      >
        John Doe
      </h6>
    </header>
  </a>
</div>
`;
