// Vitest Snapshot v1, https://vitest.dev/guide/snapshot.html

exports[`Home > renders correctly and matches snapshot 1`] = `
<div>
  <form
    class="flex justify-center mb-6"
  >
    <input
      class="bg-gray-100 px-4 py-3 rounded shadow-md outline-sky-600"
      id="filter-podcasts"
      name="filter-podcasts"
      placeholder="Search podcasts"
      type="text"
      value=""
    />
  </form>
  <section
    class="grid grid-cols-5 gap-4"
  >
    <section
      class="col-span-5 font-bold text-xl text-gray-700 text-center"
    >
      No podcasts :(
    </section>
  </section>
</div>
`;
